--
-- Description:  r1.0.1 upgrade file
-- Created on:   2019-12-01T21:43:32.375
-- Created by:   dandelero
-- Script count: 3
--


----- BEGIN UPGRADE SCRIPT 1/3: 0001-create-table_1.sql -----
IF NOT EXISTS(SELECT 1 FROM dandelero_change_log where module_name = 'default' and release_label = 'r1.0.1' and sequence_number = 1)
BEGIN
    BEGIN TRANSACTION [Tran1]
        BEGIN TRY
            IF NOT EXISTS(SELECT 1 FROM sys.tables where name = 'table_1')
            BEGIN
                CREATE TABLE table_1 (
                    id bigint PRIMARY KEY IDENTITY (1, 1),
                    column_1_1 varchar(32) NOT NULL
                )
            END
            
            
            

            INSERT INTO dandelero_change_log (module_name, release_label, sequence_number, script_author, file_name)
            VALUES ('default', 'r1.0.1', 1, 'dandelero', '0001-create-table_1.sql')

            COMMIT TRANSACTION [Tran1]
        END TRY
        BEGIN CATCH
            ROLLBACK TRANSACTION [Tran1]
        END CATCH
END
GO
----- END UPGRADE SCRIPT 1/3: 0001-create-table_1.sql -----

----- BEGIN UPGRADE SCRIPT 2/3: 0002-create-table_2.sql -----
IF NOT EXISTS(SELECT 1 FROM dandelero_change_log where module_name = 'default' and release_label = 'r1.0.1' and sequence_number = 2)
BEGIN
    BEGIN TRANSACTION [Tran1]
        BEGIN TRY
            IF NOT EXISTS(SELECT 1 FROM sys.tables where name = 'table_2')
            BEGIN
                CREATE TABLE table_2 (
                    id bigint PRIMARY KEY IDENTITY (1, 1),
                    column_2_1 varchar(32) NOT NULL
                )
            END

            INSERT INTO dandelero_change_log (module_name, release_label, sequence_number, script_author, file_name)
            VALUES ('default', 'r1.0.1', 2, 'dandelero', '0002-create-table_2.sql')

            COMMIT TRANSACTION [Tran1]
        END TRY
        BEGIN CATCH
            ROLLBACK TRANSACTION [Tran1]
        END CATCH
END
GO
----- END UPGRADE SCRIPT 2/3: 0002-create-table_2.sql -----

----- BEGIN UPGRADE SCRIPT 3/3: 0003-add-index-on-table_1.sql -----
IF NOT EXISTS(SELECT 1 FROM dandelero_change_log where module_name = 'default' and release_label = 'r1.0.1' and sequence_number = 3)
BEGIN
    BEGIN TRANSACTION [Tran1]
        BEGIN TRY
            IF NOT EXISTS(SELECT 1 FROM sys.indexes WHERE object_id = OBJECT_ID('dbo.table_1') AND name='table_1_ix_col_1')
            BEGIN
                CREATE UNIQUE INDEX table_1_ix_col_1
                   ON table_1(column_1_1);
            END

            INSERT INTO dandelero_change_log (module_name, release_label, sequence_number, script_author, file_name)
            VALUES ('default', 'r1.0.1', 3, 'dandelero', '0003-add-index-on-table_1.sql')

            COMMIT TRANSACTION [Tran1]
        END TRY
        BEGIN CATCH
            ROLLBACK TRANSACTION [Tran1]
        END CATCH
END
GO
----- END UPGRADE SCRIPT 3/3: 0003-add-index-on-table_1.sql -----
